QuizLive frontend running at http://localhost:3000 (no-store)
[2026-09-05T22:55:13.369Z] 200 GET /waiting-room.html
[2026-09-05T22:55:13.448Z] 200 GET /js/app.js
[2026-09-05T23:02:13.375Z] 200 GET /host-game.html
[2026-09-05T23:02:13.589Z] 200 GET /waiting-room.html
[2026-09-05T23:11:48.998Z] 200 GET /teacher-dashboard.html
[2026-09-05T23:11:49.066Z] 200 GET /js/app.js
[2026-09-05T23:11:49.923Z] 404 GET /favicon.ico
[2026-09-05T23:11:50.391Z] 200 GET /teacher-dashboard.html
[2026-09-05T23:11:50.488Z] 200 GET /js/app.js
[2026-09-05T23:11:50.893Z] 404 GET /favicon.ico
[2026-09-05T23:11:51.359Z] 200 GET /teacher-dashboard.html
[2026-09-05T23:11:51.390Z] 200 GET /js/app.js
[2026-09-05T23:11:51.754Z] 404 GET /favicon.ico
[2026-09-05T23:11:53.273Z] 404 GET /waiting-room
[2026-09-05T23:11:56.427Z] 200 GET /teacher-dashboard.html
[2026-09-05T23:11:56.501Z] 200 GET /js/app.js
[2026-09-05T23:11:59.070Z] 404 GET /waiting-room
[2026-09-05T23:12:03.553Z] 200 GET /teacher-dashboard.html
[2026-09-05T23:12:03.602Z] 200 GET /js/app.js
[2026-09-05T23:12:06.957Z] 404 GET /waiting-room
[2026-09-05T23:22:56.697Z] 404 GET /waiting-room
[2026-09-05T23:22:56.789Z] 404 GET /favicon.ico
[2026-09-05T23:22:57.342Z] 404 GET /waiting-room
[2026-09-05T23:22:57.389Z] 404 GET /favicon.ico
[2026-09-05T23:22:57.783Z] 404 GET /waiting-room
[2026-09-05T23:22:57.859Z] 404 GET /favicon.ico
[2026-09-05T23:22:58.081Z] 404 GET /waiting-room
[2026-09-05T23:22:58.192Z] 404 GET /favicon.ico
[2026-09-05T23:22:59.950Z] 200 GET /teacher-dashboard.html
[2026-09-05T23:23:00.038Z] 200 GET /js/app.js
[2026-09-05T23:23:04.451Z] 404 GET /waiting-room
[2026-09-05T23:23:10.033Z] 200 GET /teacher-dashboard.html
[2026-09-05T23:23:10.066Z] 200 GET /js/app.js
[2026-09-05T23:23:15.110Z] 404 GET /waiting-room
[2026-09-05T23:23:19.398Z] 200 GET /teacher-dashboard.html
[2026-09-05T23:23:19.448Z] 200 GET /js/app.js
[2026-09-05T23:23:24.007Z] 404 GET /waiting-room
[2026-09-05T23:23:26.909Z] 200 GET /teacher-dashboard.html
[2026-09-05T23:23:26.980Z] 200 GET /js/app.js
[2026-09-05T23:33:41.357Z] 200 GET /teacher-dashboard.html
[2026-09-05T23:33:41.385Z] 200 GET /js/app.js
[2026-09-05T23:33:44.235Z] 200 GET /teacher-dashboard.html
[2026-09-05T23:33:44.284Z] 200 GET /js/app.js
[2026-09-05T23:33:49.965Z] 200 GET /teacher-dashboard.html
[2026-09-05T23:33:49.989Z] 200 GET /js/app.js
[2026-09-05T23:33:51.952Z] 200 GET /teacher-dashboard.html
[2026-09-05T23:33:51.988Z] 200 GET /js/app.js
[2026-09-05T23:33:54.923Z] 200 GET /teacher-dashboard.html
[2026-09-05T23:33:54.965Z] 200 GET /js/app.js
[2026-09-05T23:33:56.964Z] 200 GET /teacher-dashboard.html
[2026-09-05T23:33:56.999Z] 200 GET /js/app.js
[2026-09-05T23:33:57.996Z] 200 GET /teacher-dashboard.html
[2026-09-05T23:33:58.685Z] 200 GET /js/app.js
[2026-09-05T23:34:02.318Z] 200 GET /teacher-dashboard.html
[2026-09-05T23:34:02.353Z] 200 GET /js/app.js
